✖ writing an instance attribute preserves inherited self-call leads (172.539895ms)
✖ a keyword-rest argument named self is not an instance receiver (5.16665ms)
ℹ tests 2
ℹ suites 0
ℹ pass 0
ℹ fail 2
ℹ cancelled 0
ℹ skipped 0
ℹ todo 0
ℹ duration_ms 336.386944

✖ failing tests:

test at ../../../tmp/jevgrep-treesitter-probe/regressions.mjs:5:1
✖ writing an instance attribute preserves inherited self-call leads (172.539895ms)
  AssertionError [ERR_ASSERTION]: Expected values to be strictly deep-equal:
  + actual - expected

  + []
  - [
  -   {
  -     caller: 'Child.target',
  -     endLine: 2,
  -     name: 'Base.helper',
  -     ownerHeader: {
  -       endLine: 1,
  -       startLine: 1
  -     },
  -     startLine: 2,
  -     unknownEarlierBases: []
  -   }
  - ]

      at TestContext.<anonymous> (file:///tmp/jevgrep-treesitter-probe/regressions.mjs:7:9)
      at process.processTicksAndRejections (node:internal/process/task_queues:104:5)
      at async Test.run (node:internal/test_runner/test:1389:7)
      at async startSubtestAfterBootstrap (node:internal/test_runner/harness:387:3) {
    generatedMessage: true,
    code: 'ERR_ASSERTION',
    actual: [],
    expected: [ { caller: 'Child.target', name: 'Base.helper', startLine: 2, endLine: 2, unknownEarlierBases: [], ownerHeader: [Object] } ],
    operator: 'deepStrictEqual',
    diff: 'simple'
  }

test at ../../../tmp/jevgrep-treesitter-probe/regressions.mjs:9:1
✖ a keyword-rest argument named self is not an instance receiver (5.16665ms)
  AssertionError [ERR_ASSERTION]: Expected values to be strictly deep-equal:
  + actual - expected

  + [
  +   {
  +     caller: 'Child.target',
  +     endLine: 2,
  +     name: 'Base.helper',
  +     ownerHeader: {
  +       endLine: 1,
  +       startLine: 1
  +     },
  +     startLine: 2,
  +     unknownEarlierBases: []
  +   }
  + ]
  - []

      at TestContext.<anonymous> (file:///tmp/jevgrep-treesitter-probe/regressions.mjs:10:9)
      at process.processTicksAndRejections (node:internal/process/task_queues:104:5)
      at async Test.run (node:internal/test_runner/test:1389:7)
      at async Test.processPendingSubtests (node:internal/test_runner/test:960:7) {
    generatedMessage: true,
    code: 'ERR_ASSERTION',
    actual: [ { caller: 'Child.target', name: 'Base.helper', startLine: 2, endLine: 2, unknownEarlierBases: [], ownerHeader: [Object] } ],
    expected: [],
    operator: 'deepStrictEqual',
    diff: 'simple'
  }
