✔ writing an instance attribute preserves inherited self-call leads (73.136895ms)
✔ a keyword-rest argument named self is not an instance receiver (1.592727ms)
✔ rebinding self suppresses leads while Unicode receiver identifiers normalize (10.492534ms)
✖ keyword-only self and rebound receiver names do not create inherited-call leads (4.233108ms)
✖ parenthesized local base names still resolve inherited methods (2.722688ms)
ℹ tests 5
ℹ suites 0
ℹ pass 3
ℹ fail 2
ℹ cancelled 0
ℹ skipped 0
ℹ todo 0
ℹ duration_ms 246.516843

✖ failing tests:

test at test/parser/call-leads.test.ts:65:1
✖ keyword-only self and rebound receiver names do not create inherited-call leads (4.233108ms)
  AssertionError [ERR_ASSERTION]:     def target(self):
          import module as self
          return self.helper()

  + actual - expected

  + [
  +   {
  +     caller: 'Child.target',
  +     endLine: 2,
  +     name: 'Base.helper',
  +     ownerHeader: {
  +       endLine: 1,
  +       startLine: 1
  +     },
  +     startLine: 2,
  +     unknownEarlierBases: []
  +   }
  + ]
  - []

      at TestContext.<anonymous> (file:///mnt/490318B059091CC2/jevgrep_wt/tree-sitter/test/parser/call-leads.test.ts:72:36)
      at process.processTicksAndRejections (node:internal/process/task_queues:104:5)
      at async Test.run (node:internal/test_runner/test:1389:7)
      at async Test.processPendingSubtests (node:internal/test_runner/test:960:7) {
    generatedMessage: false,
    code: 'ERR_ASSERTION',
    actual: [ { caller: 'Child.target', name: 'Base.helper', startLine: 2, endLine: 2, unknownEarlierBases: [], ownerHeader: [Object] } ],
    expected: [],
    operator: 'deepStrictEqual',
    diff: 'simple'
  }

test at test/parser/call-leads.test.ts:74:1
✖ parenthesized local base names still resolve inherited methods (2.722688ms)
  AssertionError [ERR_ASSERTION]: Expected values to be strictly equal:
  + actual - expected

  + undefined
  - 'Base.helper'

      at TestContext.<anonymous> (file:///mnt/490318B059091CC2/jevgrep_wt/tree-sitter/test/parser/call-leads.test.ts:76:9)
      at process.processTicksAndRejections (node:internal/process/task_queues:104:5)
      at async Test.run (node:internal/test_runner/test:1389:7)
      at async Test.processPendingSubtests (node:internal/test_runner/test:960:7) {
    generatedMessage: true,
    code: 'ERR_ASSERTION',
    actual: undefined,
    expected: 'Base.helper',
    operator: 'strictEqual',
    diff: 'simple'
  }
